******************************************************************************
             TMS320C2000 Linker PC v20.2.1                     
******************************************************************************
>> Linked Fri Nov 20 17:10:07 2020

OUTPUT FILE NAME:   <hrpwm_ex2_prdupdown_sfo_v8.out>
ENTRY POINT SYMBOL: "code_start"  address: 00080000


MEMORY CONFIGURATION

         name            origin    length      used     unused   attr    fill
----------------------  --------  ---------  --------  --------  ----  --------
PAGE 0:
  RAMM0                 000000f3   0000030d  00000000  0000030d  RWIX
  RAMLS0                00008000   00000800  0000004c  000007b4  RWIX
  RAMLS1                00008800   00000800  00000000  00000800  RWIX
  RAMLS2                00009000   00000800  00000000  00000800  RWIX
  RAMLS3                00009800   00000800  00000000  00000800  RWIX
  RAMLS4                0000a000   00000800  00000000  00000800  RWIX
  BEGIN                 00080000   00000002  00000002  00000000  RWIX
  FLASH_BANK0_SEC0      00080002   00000ffe  00000000  00000ffe  RWIX
  FLASH_BANK0_SEC1      00081000   00001000  000000f8  00000f08  RWIX
  FLASH_BANK0_SEC2      00082000   00001000  00000eea  00000116  RWIX
  FLASH_BANK0_SEC3      00083000   00001000  00000000  00001000  RWIX
  FLASH_BANK0_SEC4      00084000   00001000  000001c0  00000e40  RWIX
  FLASH_BANK0_SEC5      00085000   00001000  00000000  00001000  RWIX
  FLASH_BANK0_SEC6      00086000   00001000  00000000  00001000  RWIX
  FLASH_BANK0_SEC7      00087000   00001000  00000000  00001000  RWIX
  FLASH_BANK0_SEC8      00088000   00001000  00000000  00001000  RWIX
  FLASH_BANK0_SEC9      00089000   00001000  00000000  00001000  RWIX
  FLASH_BANK0_SEC10     0008a000   00001000  00000000  00001000  RWIX
  FLASH_BANK0_SEC11     0008b000   00001000  00000000  00001000  RWIX
  FLASH_BANK0_SEC12     0008c000   00001000  00000000  00001000  RWIX
  FLASH_BANK0_SEC13     0008d000   00001000  00000000  00001000  RWIX
  FLASH_BANK0_SEC14     0008e000   00001000  00000000  00001000  RWIX
  FLASH_BANK0_SEC15     0008f000   00001000  00000000  00001000  RWIX
  FLASH_BANK1_SEC0      00090000   00001000  00000000  00001000  RWIX
  FLASH_BANK1_SEC1      00091000   00001000  00000000  00001000  RWIX
  FLASH_BANK1_SEC2      00092000   00001000  00000000  00001000  RWIX
  FLASH_BANK1_SEC3      00093000   00001000  00000000  00001000  RWIX
  FLASH_BANK1_SEC4      00094000   00001000  00000000  00001000  RWIX
  FLASH_BANK1_SEC5      00095000   00001000  00000000  00001000  RWIX
  FLASH_BANK1_SEC6      00096000   00001000  00000000  00001000  RWIX
  FLASH_BANK1_SEC7      00097000   00001000  00000000  00001000  RWIX
  FLASH_BANK1_SEC8      00098000   00001000  00000000  00001000  RWIX
  FLASH_BANK1_SEC9      00099000   00001000  00000000  00001000  RWIX
  FLASH_BANK1_SEC10     0009a000   00001000  00000000  00001000  RWIX
  FLASH_BANK1_SEC11     0009b000   00001000  00000000  00001000  RWIX
  FLASH_BANK1_SEC12     0009c000   00001000  00000000  00001000  RWIX
  FLASH_BANK1_SEC13     0009d000   00001000  00000000  00001000  RWIX
  FLASH_BANK1_SEC14     0009e000   00001000  00000000  00001000  RWIX
  FLASH_BANK1_SEC15     0009f000   00000ff0  00000000  00000ff0  RWIX
  RESET                 003fffc0   00000002  00000000  00000002  RWIX

PAGE 1:
  BOOT_RSVD             00000002   000000f1  00000000  000000f1  RWIX
  RAMM1                 00000400   000003f8  00000100  000002f8  RWIX
  ADCA_RESULT           00000b00   00000020  00000018  00000008  RWIX
  ADCB_RESULT           00000b20   00000020  00000018  00000008  RWIX
  ADCC_RESULT           00000b40   00000020  00000018  00000008  RWIX
  CPU_TIMER0            00000c00   00000008  00000008  00000000  RWIX
  CPU_TIMER1            00000c08   00000008  00000008  00000000  RWIX
  CPU_TIMER2            00000c10   00000008  00000008  00000000  RWIX
  PIE_CTRL              00000ce0   00000020  0000001a  00000006  RWIX
  PIE_VECT              00000d00   00000200  000001c0  00000040  RWIX
  DMA                   00001000   00000200  000000e0  00000120  RWIX
  CLA1                  00001400   00000080  00000080  00000000  RWIX
  EPWM1                 00004000   00000100  00000100  00000000  RWIX
  EPWM2                 00004100   00000100  00000100  00000000  RWIX
  EPWM3                 00004200   00000100  00000100  00000000  RWIX
  EPWM4                 00004300   00000100  00000100  00000000  RWIX
  EPWM5                 00004400   00000100  00000100  00000000  RWIX
  EPWM6                 00004500   00000100  00000100  00000000  RWIX
  EPWM7                 00004600   00000100  00000100  00000000  RWIX
  EPWM8                 00004700   00000100  00000100  00000000  RWIX
  EQEP1                 00005100   00000040  00000040  00000000  RWIX
  EQEP2                 00005140   00000040  00000040  00000000  RWIX
  ECAP1                 00005200   00000040  00000020  00000020  RWIX
  ECAP2                 00005240   00000040  00000020  00000020  RWIX
  ECAP3                 00005280   00000040  00000020  00000020  RWIX
  ECAP4                 000052c0   00000040  00000020  00000020  RWIX
  ECAP5                 00005300   00000040  00000020  00000020  RWIX
  ECAP6                 00005340   00000040  00000020  00000020  RWIX
  ECAP7                 00005380   00000040  00000020  00000020  RWIX
  PGA1                  00005b00   00000010  00000010  00000000  RWIX
  PGA2                  00005b10   00000010  00000010  00000000  RWIX
  PGA3                  00005b20   00000010  00000010  00000000  RWIX
  PGA4                  00005b30   00000010  00000010  00000000  RWIX
  PGA5                  00005b40   00000010  00000010  00000000  RWIX
  PGA6                  00005b50   00000010  00000010  00000000  RWIX
  PGA7                  00005b60   00000010  00000010  00000000  RWIX
  DACA                  00005c00   00000010  00000008  00000008  RWIX
  DACB                  00005c10   00000010  00000008  00000008  RWIX
  CMPSS1                00005c80   00000020  00000020  00000000  RWIX
  CMPSS2                00005ca0   00000020  00000020  00000000  RWIX
  CMPSS3                00005cc0   00000020  00000020  00000000  RWIX
  CMPSS4                00005ce0   00000020  00000020  00000000  RWIX
  CMPSS5                00005d00   00000020  00000020  00000000  RWIX
  CMPSS6                00005d20   00000020  00000020  00000000  RWIX
  CMPSS7                00005d40   00000020  00000020  00000000  RWIX
  SDFM1                 00005e00   00000080  00000070  00000010  RWIX
  SPIA                  00006100   00000010  00000010  00000000  RWIX
  SPIB                  00006110   00000010  00000010  00000000  RWIX
  CLAPROMCRC            000061c0   00000020  00000020  00000000  RWIX
  PMBUSA                00006400   00000020  00000020  00000000  RWIX
  FSITXA                00006600   00000080  00000042  0000003e  RWIX
  FSIRXA                00006680   00000080  00000042  0000003e  RWIX
  LINA                  00006a00   00000100  000000ec  00000014  RWIX
  LINB                  00006b00   00000100  000000ec  00000014  RWIX
  WD                    00007000   00000040  0000002b  00000015  RWIX
  NMIINTRUPT            00007060   00000010  00000007  00000009  RWIX
  XINT                  00007070   00000010  0000000b  00000005  RWIX
  SCIA                  00007200   00000010  00000010  00000000  RWIX
  SCIB                  00007210   00000010  00000010  00000000  RWIX
  I2CA                  00007300   00000040  00000022  0000001e  RWIX
  ADCA                  00007400   00000080  00000080  00000000  RWIX
  ADCB                  00007480   00000080  00000080  00000000  RWIX
  ADCC                  00007500   00000080  00000080  00000000  RWIX
  INPUT_XBAR            00007900   00000020  00000020  00000000  RWIX
  XBAR                  00007920   00000020  00000020  00000000  RWIX
  SYNC_SOC              00007940   00000010  00000006  0000000a  RWIX
  DMACLASRCSEL          00007980   00000040  0000001a  00000026  RWIX
  EPWM_XBAR             00007a00   00000040  00000040  00000000  RWIX
  CLB_XBAR              00007a40   00000040  00000000  00000040  RWIX
  OUTPUT_XBAR           00007a80   00000040  00000040  00000000  RWIX
  GPIOCTRL              00007c00   00000200  00000200  00000000  RWIX
  GPIODAT               00007f00   00000040  0000003a  00000006  RWIX
  RAMLS5                0000a800   00000800  000001b0  00000650  RWIX
  RAMLS6                0000b000   00000800  00000000  00000800  RWIX
  RAMLS7                0000b800   00000800  00000000  00000800  RWIX
  RAMGS0                0000c000   00002000  00000000  00002000  RWIX
  RAMGS1                0000e000   00002000  00000000  00002000  RWIX
  RAMGS2                00010000   00002000  00000000  00002000  RWIX
  RAMGS3                00012000   00001ff8  00000000  00001ff8  RWIX
  CANA                  00048000   00000800  00000200  00000600  RWIX
  CANB                  0004a000   00000800  00000200  00000600  RWIX
  DEV_CFG               0005d000   00000180  00000132  0000004e  RWIX
  CLK_CFG               0005d200   00000100  00000034  000000cc  RWIX
  CPU_SYS               0005d300   00000100  00000082  0000007e  RWIX
  PERIPH_AC             0005d500   00000200  00000200  00000000  RWIX
  ANALOG_SUBSYS         0005d700   00000100  00000090  00000070  RWIX
  DCC0                  0005e700   00000040  0000002c  00000014  RWIX
  ERAD_GLOBAL           0005e800   00000013  00000013  00000000  RWIX
  ERAD_HWBP1            0005e900   00000008  00000008  00000000  RWIX
  ERAD_HWBP2            0005e908   00000008  00000008  00000000  RWIX
  ERAD_HWBP3            0005e910   00000008  00000008  00000000  RWIX
  ERAD_HWBP4            0005e918   00000008  00000008  00000000  RWIX
  ERAD_HWBP5            0005e920   00000008  00000008  00000000  RWIX
  ERAD_HWBP6            0005e928   00000008  00000008  00000000  RWIX
  ERAD_HWBP7            0005e930   00000008  00000008  00000000  RWIX
  ERAD_HWBP8            0005e938   00000008  00000008  00000000  RWIX
  ERAD_CTR1             0005e980   00000010  00000010  00000000  RWIX
  ERAD_CTR2             0005e990   00000010  00000010  00000000  RWIX
  ERAD_CTR3             0005e9a0   00000010  00000010  00000000  RWIX
  ERAD_CTR4             0005e9b0   00000010  00000010  00000000  RWIX
  DCSM_BANK0_Z1         0005f000   00000030  00000024  0000000c  RWIX
  DCSM_BANK0_Z2         0005f040   00000030  00000024  0000000c  RWIX
  DCSM_COMMON           0005f070   00000010  00000010  00000000  RWIX
  DCSM_BANK1_Z1         0005f100   00000030  00000024  0000000c  RWIX
  DCSM_BANK1_Z2         0005f140   00000030  00000024  0000000c  RWIX
  MEMCFG                0005f400   00000080  00000080  00000000  RWIX
  ACCESSPROTECTION      0005f4c0   00000040  00000040  00000000  RWIX
  MEMORYERROR           0005f500   00000040  00000040  00000000  RWIX
  FLASH0_CTRL           0005f800   00000300  00000182  0000017e  RWIX
  FLASH0_ECC            0005fb00   00000040  00000028  00000018  RWIX


SECTION ALLOCATION MAP

 output                                  attributes/
section   page    origin      length       input sections
--------  ----  ----------  ----------   ----------------
codestart 
*          0    00080000    00000002     
                  00080000    00000002     f28004x_codestartbranch.obj (codestart)

.cinit     0    00081000    000000ac     
                  00081000    0000001b     hrpwm_ex2_prdupdown_sfo_v9_noman_modified.obj (.cinit:_ePWM)
                  0008101b    0000001b     hrpwm_ex2_prdupdown_sfo_v9_noman_modified3.obj (.cinit:_ePWM)
                  00081036    0000001b     hrpwm_ex2_prdupdown_sfo_v9_noman_modified4.obj (.cinit:_ePWM)
                  00081051    0000001b     hrpwm_ex2_prdupdown_sfo_v9_noman_modified5.obj (.cinit:_ePWM)
                  0008106c    0000001b     hrpwm_ex2_prdupdown_sfo_v9_noman_modified_2.obj (.cinit:_ePWM)
                  00081087    0000000e     rts2800_fpu32.lib : exit.c.obj (.cinit)
                  00081095    00000007     hrpwm_ex2_prdupdown_sfo_v8.obj (.cinit:_ePWM)
                  0008109c    00000005     rts2800_fpu32.lib : _lock.c.obj (.cinit:__lock)
                  000810a1    00000005                       : _lock.c.obj (.cinit:__unlock)
                  000810a6    00000004     SFO_v8_fpu_lib_build_c28_coff.lib : SFO_v8_fpu_lib_build_c28.obj (.cinit)
                  000810aa    00000002     --HOLE-- [fill = 0]

.reset     0    003fffc0    00000002     DSECT
                  003fffc0    00000002     rts2800_fpu32.lib : boot28.asm.obj (.reset)

.stack     1    00000400    00000100     UNINITIALIZED
                  00000400    00000100     --HOLE--

.pinit     0    00081000    00000000     UNINITIALIZED

.ebss      1    0000a800    000001b0     UNINITIALIZED
                  0000a800    00000100     hrpwm_ex2_prdupdown_sfo_v9_noman_modified_2.obj (.ebss:_adcAResults)
                  0000a900    00000018     hrpwm_ex2_prdupdown_sfo_v9_noman_modified.obj (.ebss:_ePWM)
                  0000a918    00000018     hrpwm_ex2_prdupdown_sfo_v9_noman_modified3.obj (.ebss:_ePWM)
                  0000a930    00000009     SFO_v8_fpu_lib_build_c28_coff.lib : SFO_v8_fpu_lib_build_c28.obj (.ebss:_MEP_SF)
                  0000a939    00000006                                       : SFO_v8_fpu_lib_build_c28.obj (.ebss)
                  0000a93f    00000001     --HOLE--
                  0000a940    00000018     hrpwm_ex2_prdupdown_sfo_v9_noman_modified4.obj (.ebss:_ePWM)
                  0000a958    00000018     hrpwm_ex2_prdupdown_sfo_v9_noman_modified5.obj (.ebss:_ePWM)
                  0000a970    00000006     hrpwm_ex2_prdupdown_sfo_v9_noman_modified_2.obj (.ebss)
                  0000a976    00000006     rts2800_fpu32.lib : exit.c.obj (.ebss)
                  0000a97c    00000004     hrpwm_ex2_prdupdown_sfo_v8.obj (.ebss:_ePWM)
                  0000a980    00000018     hrpwm_ex2_prdupdown_sfo_v9_noman_modified_2.obj (.ebss:_ePWM)
                  0000a998    00000004     hrpwm_ex2_prdupdown_sfo_v8.obj (.ebss)
                  0000a99c    00000004     hrpwm_ex2_prdupdown_sfo_v9_noman_modified.obj (.ebss)
                  0000a9a0    00000004     hrpwm_ex2_prdupdown_sfo_v9_noman_modified3.obj (.ebss)
                  0000a9a4    00000004     hrpwm_ex2_prdupdown_sfo_v9_noman_modified4.obj (.ebss)
                  0000a9a8    00000004     hrpwm_ex2_prdupdown_sfo_v9_noman_modified5.obj (.ebss)
                  0000a9ac    00000002     rts2800_fpu32.lib : _lock.c.obj (.ebss:__lock)
                  0000a9ae    00000002                       : _lock.c.obj (.ebss:__unlock)

.econst    0    00084000    000001c0     
                  00084000    000001c0     f28004x_pievect.obj (.econst:_PieVectTableInit)

.TI.ramfunc 
*          0    000810ac    0000004c     RUN ADDR = 00008000
                  000810ac    00000048     f28004x_sysctrl.obj (.TI.ramfunc)
                  000810f4    00000004     f28004x_usdelay.obj (.TI.ramfunc)

AdcaResultFile 
*          1    00000b00    00000018     UNINITIALIZED
                  00000b00    00000018     f28004x_globalvariabledefs.obj (AdcaResultFile)

AdcbResultFile 
*          1    00000b20    00000018     UNINITIALIZED
                  00000b20    00000018     f28004x_globalvariabledefs.obj (AdcbResultFile)

AdccResultFile 
*          1    00000b40    00000018     UNINITIALIZED
                  00000b40    00000018     f28004x_globalvariabledefs.obj (AdccResultFile)

CpuTimer0RegsFile 
*          1    00000c00    00000008     UNINITIALIZED
                  00000c00    00000008     f28004x_globalvariabledefs.obj (CpuTimer0RegsFile)

CpuTimer1RegsFile 
*          1    00000c08    00000008     UNINITIALIZED
                  00000c08    00000008     f28004x_globalvariabledefs.obj (CpuTimer1RegsFile)

CpuTimer2RegsFile 
*          1    00000c10    00000008     UNINITIALIZED
                  00000c10    00000008     f28004x_globalvariabledefs.obj (CpuTimer2RegsFile)

PieCtrlRegsFile 
*          1    00000ce0    0000001a     UNINITIALIZED
                  00000ce0    0000001a     f28004x_globalvariabledefs.obj (PieCtrlRegsFile)

PieVectTableFile 
*          1    00000d00    000001c0     UNINITIALIZED
                  00000d00    000001c0     f28004x_globalvariabledefs.obj (PieVectTableFile)

EmuKeyVar 
*          1    00000d00    00000000     UNINITIALIZED

EmuBModeVar 
*          1    00000d00    00000000     UNINITIALIZED

FlashCallbackVar 
*          1    00000d00    00000000     UNINITIALIZED

FlashScalingVar 
*          1    00000d00    00000000     UNINITIALIZED

DmaRegsFile 
*          1    00001000    000000e0     UNINITIALIZED
                  00001000    000000e0     f28004x_globalvariabledefs.obj (DmaRegsFile)

Cla1RegsFile 
*          1    00001400    00000080     UNINITIALIZED
                  00001400    00000080     f28004x_globalvariabledefs.obj (Cla1RegsFile)

EPwm1RegsFile 
*          1    00004000    00000100     UNINITIALIZED
                  00004000    00000100     f28004x_globalvariabledefs.obj (EPwm1RegsFile)

EPwm2RegsFile 
*          1    00004100    00000100     UNINITIALIZED
                  00004100    00000100     f28004x_globalvariabledefs.obj (EPwm2RegsFile)

EPwm3RegsFile 
*          1    00004200    00000100     UNINITIALIZED
                  00004200    00000100     f28004x_globalvariabledefs.obj (EPwm3RegsFile)

EPwm4RegsFile 
*          1    00004300    00000100     UNINITIALIZED
                  00004300    00000100     f28004x_globalvariabledefs.obj (EPwm4RegsFile)

EPwm5RegsFile 
*          1    00004400    00000100     UNINITIALIZED
                  00004400    00000100     f28004x_globalvariabledefs.obj (EPwm5RegsFile)

EPwm6RegsFile 
*          1    00004500    00000100     UNINITIALIZED
                  00004500    00000100     f28004x_globalvariabledefs.obj (EPwm6RegsFile)

EPwm7RegsFile 
*          1    00004600    00000100     UNINITIALIZED
                  00004600    00000100     f28004x_globalvariabledefs.obj (EPwm7RegsFile)

EPwm8RegsFile 
*          1    00004700    00000100     UNINITIALIZED
                  00004700    00000100     f28004x_globalvariabledefs.obj (EPwm8RegsFile)

EQep1RegsFile 
*          1    00005100    00000040     UNINITIALIZED
                  00005100    00000040     f28004x_globalvariabledefs.obj (EQep1RegsFile)

EQep2RegsFile 
*          1    00005140    00000040     UNINITIALIZED
                  00005140    00000040     f28004x_globalvariabledefs.obj (EQep2RegsFile)

ECap1RegsFile 
*          1    00005200    00000020     UNINITIALIZED
                  00005200    00000020     f28004x_globalvariabledefs.obj (ECap1RegsFile)

ECap2RegsFile 
*          1    00005240    00000020     UNINITIALIZED
                  00005240    00000020     f28004x_globalvariabledefs.obj (ECap2RegsFile)

ECap3RegsFile 
*          1    00005280    00000020     UNINITIALIZED
                  00005280    00000020     f28004x_globalvariabledefs.obj (ECap3RegsFile)

ECap4RegsFile 
*          1    000052c0    00000020     UNINITIALIZED
                  000052c0    00000020     f28004x_globalvariabledefs.obj (ECap4RegsFile)

ECap5RegsFile 
*          1    00005300    00000020     UNINITIALIZED
                  00005300    00000020     f28004x_globalvariabledefs.obj (ECap5RegsFile)

ECap6RegsFile 
*          1    00005340    00000020     UNINITIALIZED
                  00005340    00000020     f28004x_globalvariabledefs.obj (ECap6RegsFile)

ECap7RegsFile 
*          1    00005380    00000020     UNINITIALIZED
                  00005380    00000020     f28004x_globalvariabledefs.obj (ECap7RegsFile)

Pga1RegsFile 
*          1    00005b00    00000010     UNINITIALIZED
                  00005b00    00000010     f28004x_globalvariabledefs.obj (Pga1RegsFile)

Pga2RegsFile 
*          1    00005b10    00000010     UNINITIALIZED
                  00005b10    00000010     f28004x_globalvariabledefs.obj (Pga2RegsFile)

Pga3RegsFile 
*          1    00005b20    00000010     UNINITIALIZED
                  00005b20    00000010     f28004x_globalvariabledefs.obj (Pga3RegsFile)

Pga4RegsFile 
*          1    00005b30    00000010     UNINITIALIZED
                  00005b30    00000010     f28004x_globalvariabledefs.obj (Pga4RegsFile)

Pga5RegsFile 
*          1    00005b40    00000010     UNINITIALIZED
                  00005b40    00000010     f28004x_globalvariabledefs.obj (Pga5RegsFile)

Pga6RegsFile 
*          1    00005b50    00000010     UNINITIALIZED
                  00005b50    00000010     f28004x_globalvariabledefs.obj (Pga6RegsFile)

Pga7RegsFile 
*          1    00005b60    00000010     UNINITIALIZED
                  00005b60    00000010     f28004x_globalvariabledefs.obj (Pga7RegsFile)

DacaRegsFile 
*          1    00005c00    00000008     UNINITIALIZED
                  00005c00    00000008     f28004x_globalvariabledefs.obj (DacaRegsFile)

DacbRegsFile 
*          1    00005c10    00000008     UNINITIALIZED
                  00005c10    00000008     f28004x_globalvariabledefs.obj (DacbRegsFile)

Sdfm1RegsFile 
*          1    00005e00    00000070     UNINITIALIZED
                  00005e00    00000070     f28004x_globalvariabledefs.obj (Sdfm1RegsFile)

SpiaRegsFile 
*          1    00006100    00000010     UNINITIALIZED
                  00006100    00000010     f28004x_globalvariabledefs.obj (SpiaRegsFile)

SpibRegsFile 
*          1    00006110    00000010     UNINITIALIZED
                  00006110    00000010     f28004x_globalvariabledefs.obj (SpibRegsFile)

PmbusaRegsFile 
*          1    00006400    00000020     UNINITIALIZED
                  00006400    00000020     f28004x_globalvariabledefs.obj (PmbusaRegsFile)

FsiTxaRegsFile 
*          1    00006600    00000042     UNINITIALIZED
                  00006600    00000042     f28004x_globalvariabledefs.obj (FsiTxaRegsFile)

FsiRxaRegsFile 
*          1    00006680    00000042     UNINITIALIZED
                  00006680    00000042     f28004x_globalvariabledefs.obj (FsiRxaRegsFile)

LinaRegsFile 
*          1    00006a00    000000ec     UNINITIALIZED
                  00006a00    000000ec     f28004x_globalvariabledefs.obj (LinaRegsFile)

LinbRegsFile 
*          1    00006b00    000000ec     UNINITIALIZED
                  00006b00    000000ec     f28004x_globalvariabledefs.obj (LinbRegsFile)

WdRegsFile 
*          1    00007000    0000002b     UNINITIALIZED
                  00007000    0000002b     f28004x_globalvariabledefs.obj (WdRegsFile)

NmiIntruptRegsFile 
*          1    00007060    00000007     UNINITIALIZED
                  00007060    00000007     f28004x_globalvariabledefs.obj (NmiIntruptRegsFile)

XintRegsFile 
*          1    00007070    0000000b     UNINITIALIZED
                  00007070    0000000b     f28004x_globalvariabledefs.obj (XintRegsFile)

SciaRegsFile 
*          1    00007200    00000010     UNINITIALIZED
                  00007200    00000010     f28004x_globalvariabledefs.obj (SciaRegsFile)

ScibRegsFile 
*          1    00007210    00000010     UNINITIALIZED
                  00007210    00000010     f28004x_globalvariabledefs.obj (ScibRegsFile)

I2caRegsFile 
*          1    00007300    00000022     UNINITIALIZED
                  00007300    00000022     f28004x_globalvariabledefs.obj (I2caRegsFile)

AdcaRegsFile 
*          1    00007400    00000080     UNINITIALIZED
                  00007400    00000080     f28004x_globalvariabledefs.obj (AdcaRegsFile)

AdcbRegsFile 
*          1    00007480    00000080     UNINITIALIZED
                  00007480    00000080     f28004x_globalvariabledefs.obj (AdcbRegsFile)

AdccRegsFile 
*          1    00007500    00000080     UNINITIALIZED
                  00007500    00000080     f28004x_globalvariabledefs.obj (AdccRegsFile)

InputXbarRegsFile 
*          1    00007900    00000020     UNINITIALIZED
                  00007900    00000020     f28004x_globalvariabledefs.obj (InputXbarRegsFile)

XbarRegsFile 
*          1    00007920    00000020     UNINITIALIZED
                  00007920    00000020     f28004x_globalvariabledefs.obj (XbarRegsFile)

SyncSocRegsFile 
*          1    00007940    00000006     UNINITIALIZED
                  00007940    00000006     f28004x_globalvariabledefs.obj (SyncSocRegsFile)

DmaClaSrcSelRegsFile 
*          1    00007980    0000001a     UNINITIALIZED
                  00007980    0000001a     f28004x_globalvariabledefs.obj (DmaClaSrcSelRegsFile)

EPwmXbarRegsFile 
*          1    00007a00    00000040     UNINITIALIZED
                  00007a00    00000040     f28004x_globalvariabledefs.obj (EPwmXbarRegsFile)

OutputXbarRegsFile 
*          1    00007a80    00000040     UNINITIALIZED
                  00007a80    00000040     f28004x_globalvariabledefs.obj (OutputXbarRegsFile)

GpioCtrlRegsFile 
*          1    00007c00    00000200     UNINITIALIZED
                  00007c00    00000200     f28004x_globalvariabledefs.obj (GpioCtrlRegsFile)

GpioDataRegsFile 
*          1    00007f00    0000003a     UNINITIALIZED
                  00007f00    0000003a     f28004x_globalvariabledefs.obj (GpioDataRegsFile)

CanaRegsFile 
*          1    00048000    00000200     UNINITIALIZED
                  00048000    00000200     f28004x_globalvariabledefs.obj (CanaRegsFile)

CanbRegsFile 
*          1    0004a000    00000200     UNINITIALIZED
                  0004a000    00000200     f28004x_globalvariabledefs.obj (CanbRegsFile)

AnalogSubsysRegsFile 
*          1    0005d700    00000090     UNINITIALIZED
                  0005d700    00000090     f28004x_globalvariabledefs.obj (AnalogSubsysRegsFile)

Cla1SoftIntRegsFile 
*          1    00000ce0    0000000f     DSECT
                  00000ce0    0000000f     f28004x_globalvariabledefs.obj (Cla1SoftIntRegsFile)

ClaPromCrc0RegsFile 
*          1    000061c0    00000020     UNINITIALIZED
                  000061c0    00000020     f28004x_globalvariabledefs.obj (ClaPromCrc0RegsFile)

Cmpss1RegsFile 
*          1    00005c80    00000020     UNINITIALIZED
                  00005c80    00000020     f28004x_globalvariabledefs.obj (Cmpss1RegsFile)

Cmpss2RegsFile 
*          1    00005ca0    00000020     UNINITIALIZED
                  00005ca0    00000020     f28004x_globalvariabledefs.obj (Cmpss2RegsFile)

Cmpss3RegsFile 
*          1    00005cc0    00000020     UNINITIALIZED
                  00005cc0    00000020     f28004x_globalvariabledefs.obj (Cmpss3RegsFile)

Cmpss4RegsFile 
*          1    00005ce0    00000020     UNINITIALIZED
                  00005ce0    00000020     f28004x_globalvariabledefs.obj (Cmpss4RegsFile)

Cmpss5RegsFile 
*          1    00005d00    00000020     UNINITIALIZED
                  00005d00    00000020     f28004x_globalvariabledefs.obj (Cmpss5RegsFile)

Cmpss6RegsFile 
*          1    00005d20    00000020     UNINITIALIZED
                  00005d20    00000020     f28004x_globalvariabledefs.obj (Cmpss6RegsFile)

Cmpss7RegsFile 
*          1    00005d40    00000020     UNINITIALIZED
                  00005d40    00000020     f28004x_globalvariabledefs.obj (Cmpss7RegsFile)

DevCfgRegsFile 
*          1    0005d000    00000132     UNINITIALIZED
                  0005d000    00000132     f28004x_globalvariabledefs.obj (DevCfgRegsFile)

ClkCfgRegsFile 
*          1    0005d200    00000034     UNINITIALIZED
                  0005d200    00000034     f28004x_globalvariabledefs.obj (ClkCfgRegsFile)

CpuSysRegsFile 
*          1    0005d300    00000082     UNINITIALIZED
                  0005d300    00000082     f28004x_globalvariabledefs.obj (CpuSysRegsFile)

SysPeriphAcRegsFile 
*          1    0005d500    00000200     UNINITIALIZED
                  0005d500    00000200     f28004x_globalvariabledefs.obj (SysPeriphAcRegsFile)

Dcc0RegsFile 
*          1    0005e700    0000002c     UNINITIALIZED
                  0005e700    0000002c     f28004x_globalvariabledefs.obj (Dcc0RegsFile)

EradGlobalRegsFile 
*          1    0005e800    00000013     UNINITIALIZED
                  0005e800    00000013     f28004x_globalvariabledefs.obj (EradGlobalRegsFile)

EradHWBP1RegsFile 
*          1    0005e900    00000008     UNINITIALIZED
                  0005e900    00000008     f28004x_globalvariabledefs.obj (EradHWBP1RegsFile)

EradHWBP2RegsFile 
*          1    0005e908    00000008     UNINITIALIZED
                  0005e908    00000008     f28004x_globalvariabledefs.obj (EradHWBP2RegsFile)

EradHWBP3RegsFile 
*          1    0005e910    00000008     UNINITIALIZED
                  0005e910    00000008     f28004x_globalvariabledefs.obj (EradHWBP3RegsFile)

EradHWBP4RegsFile 
*          1    0005e918    00000008     UNINITIALIZED
                  0005e918    00000008     f28004x_globalvariabledefs.obj (EradHWBP4RegsFile)

EradHWBP5RegsFile 
*          1    0005e920    00000008     UNINITIALIZED
                  0005e920    00000008     f28004x_globalvariabledefs.obj (EradHWBP5RegsFile)

EradHWBP6RegsFile 
*          1    0005e928    00000008     UNINITIALIZED
                  0005e928    00000008     f28004x_globalvariabledefs.obj (EradHWBP6RegsFile)

EradHWBP7RegsFile 
*          1    0005e930    00000008     UNINITIALIZED
                  0005e930    00000008     f28004x_globalvariabledefs.obj (EradHWBP7RegsFile)

EradHWBP8RegsFile 
*          1    0005e938    00000008     UNINITIALIZED
                  0005e938    00000008     f28004x_globalvariabledefs.obj (EradHWBP8RegsFile)

EradCounter1RegsFile 
*          1    0005e980    00000010     UNINITIALIZED
                  0005e980    00000010     f28004x_globalvariabledefs.obj (EradCounter1RegsFile)

EradCounter2RegsFile 
*          1    0005e990    00000010     UNINITIALIZED
                  0005e990    00000010     f28004x_globalvariabledefs.obj (EradCounter2RegsFile)

EradCounter3RegsFile 
*          1    0005e9a0    00000010     UNINITIALIZED
                  0005e9a0    00000010     f28004x_globalvariabledefs.obj (EradCounter3RegsFile)

EradCounter4RegsFile 
*          1    0005e9b0    00000010     UNINITIALIZED
                  0005e9b0    00000010     f28004x_globalvariabledefs.obj (EradCounter4RegsFile)

DcsmBank0Z1RegsFile 
*          1    0005f000    00000024     UNINITIALIZED
                  0005f000    00000024     f28004x_globalvariabledefs.obj (DcsmBank0Z1RegsFile)

DcsmBank0Z2RegsFile 
*          1    0005f040    00000024     UNINITIALIZED
                  0005f040    00000024     f28004x_globalvariabledefs.obj (DcsmBank0Z2RegsFile)

DcsmCommonRegsFile 
*          1    0005f070    00000010     UNINITIALIZED
                  0005f070    00000010     f28004x_globalvariabledefs.obj (DcsmCommonRegsFile)

DcsmBank1Z1RegsFile 
*          1    0005f100    00000024     UNINITIALIZED
                  0005f100    00000024     f28004x_globalvariabledefs.obj (DcsmBank1Z1RegsFile)

DcsmBank1Z2RegsFile 
*          1    0005f140    00000024     UNINITIALIZED
                  0005f140    00000024     f28004x_globalvariabledefs.obj (DcsmBank1Z2RegsFile)

MemCfgRegsFile 
*          1    0005f400    00000080     UNINITIALIZED
                  0005f400    00000080     f28004x_globalvariabledefs.obj (MemCfgRegsFile)

AccessProtectionRegsFile 
*          1    0005f4c0    00000040     UNINITIALIZED
                  0005f4c0    00000040     f28004x_globalvariabledefs.obj (AccessProtectionRegsFile)

MemoryErrorRegsFile 
*          1    0005f500    00000040     UNINITIALIZED
                  0005f500    00000040     f28004x_globalvariabledefs.obj (MemoryErrorRegsFile)

Flash0CtrlRegsFile 
*          1    0005f800    00000182     UNINITIALIZED
                  0005f800    00000182     f28004x_globalvariabledefs.obj (Flash0CtrlRegsFile)

Flash0EccRegsFile 
*          1    0005fb00    00000028     UNINITIALIZED
                  0005fb00    00000028     f28004x_globalvariabledefs.obj (Flash0EccRegsFile)

.text      0    00082000    00000eea     
                  00082000    000004b3     f28004x_defaultisr.obj (.text:retain)
                  000824b3    000002dd     f28004x_sysctrl.obj (.text)
                  00082790    0000025b     hrpwm_ex2_prdupdown_sfo_v8.obj (.text)
                  000829eb    000001ee     f28004x_gpio.obj (.text)
                  00082bd9    000001b0     SFO_v8_fpu_lib_build_c28_coff.lib : SFO_v8_fpu_lib_build_c28.obj (.text)
                  00082d89    00000056     rts2800_fpu32.lib : boot28.asm.obj (.text)
                  00082ddf    00000035     hrpwm_ex2_prdupdown_sfo_v9_noman_modified_2.obj (.text:retain)
                  00082e14    00000029     rts2800_fpu32.lib : exit.c.obj (.text)
                  00082e3d    00000028     f28004x_piectrl.obj (.text)
                  00082e65    00000026     f28004x_pievect.obj (.text)
                  00082e8b    00000024     rts2800_fpu32.lib : cpy_tbl.c.obj (.text)
                  00082eaf    0000001d                       : memcpy.c.obj (.text)
                  00082ecc    00000012                       : args_main.c.obj (.text)
                  00082ede    00000009                       : _lock.c.obj (.text)
                  00082ee7    00000002                       : pre_init.c.obj (.text)
                  00082ee9    00000001                       : startup.c.obj (.text)

MODULE SUMMARY

       Module                                            code   initialized data   uninitialized data
       ------                                            ----   ----------------   ------------------
    .\
       f28004x_globalvariabledefs.obj                    0      0                  8992              
       f28004x_defaultisr.obj                            1203   0                  0                 
       f28004x_sysctrl.obj                               877    0                  0                 
       hrpwm_ex2_prdupdown_sfo_v8.obj                    603    7                  8                 
       f28004x_gpio.obj                                  494    0                  0                 
       f28004x_pievect.obj                               38     448                0                 
       hrpwm_ex2_prdupdown_sfo_v9_noman_modified_2.obj   53     27                 286               
       hrpwm_ex2_prdupdown_sfo_v9_noman_modified.obj     0      27                 28                
       hrpwm_ex2_prdupdown_sfo_v9_noman_modified3.obj    0      27                 28                
       hrpwm_ex2_prdupdown_sfo_v9_noman_modified4.obj    0      27                 28                
       hrpwm_ex2_prdupdown_sfo_v9_noman_modified5.obj    0      27                 28                
       f28004x_piectrl.obj                               40     0                  0                 
       f28004x_usdelay.obj                               8      0                  0                 
       f28004x_codestartbranch.obj                       2      0                  0                 
    +--+-------------------------------------------------+------+------------------+--------------------+
       Total:                                            3318   590                9398              
                                                                                                     
    C:\ti\c2000\C2000Ware_3_02_00_00\libraries\calibration\hrpwm\f28004x\lib\SFO_v8_fpu_lib_build_c28_coff.lib
       SFO_v8_fpu_lib_build_c28.obj                      432    4                  15                
    +--+-------------------------------------------------+------+------------------+--------------------+
       Total:                                            432    4                  15                
                                                                                                     
    C:\ti\ccs1010\ccs\tools\compiler\ti-cgt-c2000_20.2.1.LTS\lib\rts2800_fpu32.lib
       boot28.asm.obj                                    86     0                  0                 
       exit.c.obj                                        41     14                 6                 
       cpy_tbl.c.obj                                     36     0                  0                 
       memcpy.c.obj                                      29     0                  0                 
       _lock.c.obj                                       9      10                 4                 
       args_main.c.obj                                   18     0                  0                 
       pre_init.c.obj                                    2      0                  0                 
       startup.c.obj                                     1      0                  0                 
    +--+-------------------------------------------------+------+------------------+--------------------+
       Total:                                            222    24                 10                
                                                                                                     
       Stack:                                            0      0                  256               
    +--+-------------------------------------------------+------+------------------+--------------------+
       Grand Total:                                      3972   618                9679              


GLOBAL DATA SYMBOLS: SORTED BY DATA PAGE

address     data page           name
--------    ----------------    ----
00000400      10 (00000400)     __stack

00000b00      2c (00000b00)     _AdcaResultRegs
00000b20      2c (00000b00)     _AdcbResultRegs

00000b40      2d (00000b40)     _AdccResultRegs

00000c00      30 (00000c00)     _CpuTimer0Regs
00000c08      30 (00000c00)     _CpuTimer1Regs
00000c10      30 (00000c00)     _CpuTimer2Regs

00000ce0      33 (00000cc0)     _Cla1SoftIntRegs
00000ce0      33 (00000cc0)     _PieCtrlRegs

00000d00      34 (00000d00)     _PieVectTable

00001000      40 (00001000)     _DmaRegs

00001400      50 (00001400)     _Cla1Regs

00004000     100 (00004000)     _EPwm1Regs

00004100     104 (00004100)     _EPwm2Regs

00004200     108 (00004200)     _EPwm3Regs

00004300     10c (00004300)     _EPwm4Regs

00004400     110 (00004400)     _EPwm5Regs

00004500     114 (00004500)     _EPwm6Regs

00004600     118 (00004600)     _EPwm7Regs

00004700     11c (00004700)     _EPwm8Regs

00005100     144 (00005100)     _EQep1Regs

00005140     145 (00005140)     _EQep2Regs

00005200     148 (00005200)     _ECap1Regs

00005240     149 (00005240)     _ECap2Regs

00005280     14a (00005280)     _ECap3Regs

000052c0     14b (000052c0)     _ECap4Regs

00005300     14c (00005300)     _ECap5Regs

00005340     14d (00005340)     _ECap6Regs

00005380     14e (00005380)     _ECap7Regs

00005b00     16c (00005b00)     _Pga1Regs
00005b10     16c (00005b00)     _Pga2Regs
00005b20     16c (00005b00)     _Pga3Regs
00005b30     16c (00005b00)     _Pga4Regs

00005b40     16d (00005b40)     _Pga5Regs
00005b50     16d (00005b40)     _Pga6Regs
00005b60     16d (00005b40)     _Pga7Regs

00005c00     170 (00005c00)     _DacaRegs
00005c10     170 (00005c00)     _DacbRegs

00005c80     172 (00005c80)     _Cmpss1Regs
00005ca0     172 (00005c80)     _Cmpss2Regs

00005cc0     173 (00005cc0)     _Cmpss3Regs
00005ce0     173 (00005cc0)     _Cmpss4Regs

00005d00     174 (00005d00)     _Cmpss5Regs
00005d20     174 (00005d00)     _Cmpss6Regs

00005d40     175 (00005d40)     _Cmpss7Regs

00005e00     178 (00005e00)     _Sdfm1Regs

00006100     184 (00006100)     _SpiaRegs
00006110     184 (00006100)     _SpibRegs

000061c0     187 (000061c0)     _ClaPromCrc0Regs

00006400     190 (00006400)     _PmbusaRegs

00006600     198 (00006600)     _FsiTxaRegs

00006680     19a (00006680)     _FsiRxaRegs

00006a00     1a8 (00006a00)     _LinaRegs

00006b00     1ac (00006b00)     _LinbRegs

00007000     1c0 (00007000)     _WdRegs

00007060     1c1 (00007040)     _NmiIntruptRegs
00007070     1c1 (00007040)     _XintRegs

00007200     1c8 (00007200)     _SciaRegs
00007210     1c8 (00007200)     _ScibRegs

00007300     1cc (00007300)     _I2caRegs

00007400     1d0 (00007400)     _AdcaRegs

00007480     1d2 (00007480)     _AdcbRegs

00007500     1d4 (00007500)     _AdccRegs

00007900     1e4 (00007900)     _InputXbarRegs
00007920     1e4 (00007900)     _XbarRegs

00007940     1e5 (00007940)     _SyncSocRegs

00007980     1e6 (00007980)     _DmaClaSrcSelRegs

00007a00     1e8 (00007a00)     _EPwmXbarRegs

00007a80     1ea (00007a80)     _OutputXbarRegs

00007c00     1f0 (00007c00)     _GpioCtrlRegs

00007f00     1fc (00007f00)     _GpioDataRegs

0000a800     2a0 (0000a800)     _adcAResults

0000a930     2a4 (0000a900)     _MEP_SF
0000a939     2a4 (0000a900)     _SFO_CAL

0000a970     2a5 (0000a940)     _index
0000a971     2a5 (0000a940)     _bufferFull
0000a976     2a5 (0000a940)     ___TI_enable_exit_profile_output
0000a978     2a5 (0000a940)     ___TI_cleanup_ptr
0000a97a     2a5 (0000a940)     ___TI_dtors_ptr
0000a97c     2a5 (0000a940)     _ePWM

0000a998     2a6 (0000a980)     _UpdateFine
0000a999     2a6 (0000a980)     _PeriodFine
0000a99a     2a6 (0000a980)     _status
0000a99b     2a6 (0000a980)     _MEP_ScaleFactor
0000a9ac     2a6 (0000a980)     __lock
0000a9ae     2a6 (0000a980)     __unlock

00048000    1200 (00048000)     _CanaRegs

0004a000    1280 (0004a000)     _CanbRegs

0005d000    1740 (0005d000)     _DevCfgRegs

0005d200    1748 (0005d200)     _ClkCfgRegs

0005d300    174c (0005d300)     _CpuSysRegs

0005d500    1754 (0005d500)     _SysPeriphAcRegs

0005d700    175c (0005d700)     _AnalogSubsysRegs

0005e700    179c (0005e700)     _Dcc0Regs

0005e800    17a0 (0005e800)     _EradGlobalRegs

0005e900    17a4 (0005e900)     _EradHWBP1Regs
0005e908    17a4 (0005e900)     _EradHWBP2Regs
0005e910    17a4 (0005e900)     _EradHWBP3Regs
0005e918    17a4 (0005e900)     _EradHWBP4Regs
0005e920    17a4 (0005e900)     _EradHWBP5Regs
0005e928    17a4 (0005e900)     _EradHWBP6Regs
0005e930    17a4 (0005e900)     _EradHWBP7Regs
0005e938    17a4 (0005e900)     _EradHWBP8Regs

0005e980    17a6 (0005e980)     _EradCounter1Regs
0005e990    17a6 (0005e980)     _EradCounter2Regs
0005e9a0    17a6 (0005e980)     _EradCounter3Regs
0005e9b0    17a6 (0005e980)     _EradCounter4Regs

0005f000    17c0 (0005f000)     _DcsmBank0Z1Regs

0005f040    17c1 (0005f040)     _DcsmBank0Z2Regs
0005f070    17c1 (0005f040)     _DcsmCommonRegs

0005f100    17c4 (0005f100)     _DcsmBank1Z1Regs

0005f140    17c5 (0005f140)     _DcsmBank1Z2Regs

0005f400    17d0 (0005f400)     _MemCfgRegs

0005f4c0    17d3 (0005f4c0)     _AccessProtectionRegs

0005f500    17d4 (0005f500)     _MemoryErrorRegs

0005f800    17e0 (0005f800)     _Flash0CtrlRegs

0005fb00    17ec (0005fb00)     _Flash0EccRegs

00084000    2100 (00084000)     _PieVectTableInit


GLOBAL SYMBOLS: SORTED ALPHABETICALLY BY Name 

page  address   name                            
----  -------   ----                            
abs   ffffffff  .text                           
0     00082e14  C$$EXIT                         
0     000820be  _ADCA1_ISR                      
0     000822e4  _ADCA2_ISR                      
0     000822ee  _ADCA3_ISR                      
0     000822f8  _ADCA4_ISR                      
0     000822da  _ADCA_EVT_ISR                   
0     000820c8  _ADCB1_ISR                      
0     0008230c  _ADCB2_ISR                      
0     00082316  _ADCB3_ISR                      
0     00082320  _ADCB4_ISR                      
0     00082302  _ADCB_EVT_ISR                   
0     000820d2  _ADCC1_ISR                      
0     00082438  _ADCC2_ISR                      
0     00082442  _ADCC3_ISR                      
0     0008244c  _ADCC4_ISR                      
0     0008242e  _ADCC_EVT_ISR                   
1     0005f4c0  _AccessProtectionRegs           
1     00007400  _AdcaRegs                       
1     00000b00  _AdcaResultRegs                 
1     00007480  _AdcbRegs                       
1     00000b20  _AdcbResultRegs                 
1     00007500  _AdccRegs                       
1     00000b40  _AdccResultRegs                 
1     0005d700  _AnalogSubsysRegs               
0     000822b2  _CANA0_ISR                      
0     000822bc  _CANA1_ISR                      
0     000822c6  _CANB0_ISR                      
0     000822d0  _CANB1_ISR                      
0     00082406  _CLA1PROMCRC_ISR                
0     0008232a  _CLA1_1_ISR                     
0     00082334  _CLA1_2_ISR                     
0     0008233e  _CLA1_3_ISR                     
0     00082348  _CLA1_4_ISR                     
0     00082352  _CLA1_5_ISR                     
0     0008235c  _CLA1_6_ISR                     
0     00082366  _CLA1_7_ISR                     
0     00082370  _CLA1_8_ISR                     
0     0008247e  _CLA_OVERFLOW_ISR               
0     00082488  _CLA_UNDERFLOW_ISR              
1     00048000  _CanaRegs                       
1     0004a000  _CanbRegs                       
1     00001400  _Cla1Regs                       
0     00000ce0  _Cla1SoftIntRegs                
1     000061c0  _ClaPromCrc0Regs                
1     0005d200  _ClkCfgRegs                     
1     00005c80  _Cmpss1Regs                     
1     00005ca0  _Cmpss2Regs                     
1     00005cc0  _Cmpss3Regs                     
1     00005ce0  _Cmpss4Regs                     
1     00005d00  _Cmpss5Regs                     
1     00005d20  _Cmpss6Regs                     
1     00005d40  _Cmpss7Regs                     
1     0005d300  _CpuSysRegs                     
1     00000c00  _CpuTimer0Regs                  
1     00000c08  _CpuTimer1Regs                  
1     00000c10  _CpuTimer2Regs                  
0     00082649  _CsmUnlock                      
0     00082014  _DATALOG_ISR                    
0     0008223a  _DMA_CH1_ISR                    
0     00082244  _DMA_CH2_ISR                    
0     0008224e  _DMA_CH3_ISR                    
0     00082258  _DMA_CH4_ISR                    
0     00082262  _DMA_CH5_ISR                    
0     0008226c  _DMA_CH6_ISR                    
1     00005c00  _DacaRegs                       
1     00005c10  _DacbRegs                       
1     0005e700  _Dcc0Regs                       
1     0005f000  _DcsmBank0Z1Regs                
1     0005f040  _DcsmBank0Z2Regs                
1     0005f100  _DcsmBank1Z1Regs                
1     0005f140  _DcsmBank1Z2Regs                
1     0005f070  _DcsmCommonRegs                 
1     0005d000  _DevCfgRegs                     
0     0008256a  _DisableDog                     
0     00082542  _DisablePeripheralClocks        
1     00007980  _DmaClaSrcSelRegs               
1     00001000  _DmaRegs                        
0     000821a4  _ECAP1_ISR                      
0     000821ae  _ECAP2_ISR                      
0     000821b8  _ECAP3_ISR                      
0     000821c2  _ECAP4_ISR                      
0     000821cc  _ECAP5_ISR                      
0     000821ea  _ECAP6_2_ISR                    
0     000821d6  _ECAP6_ISR                      
0     000821f4  _ECAP7_2_ISR                    
0     000821e0  _ECAP7_ISR                      
1     00005200  _ECap1Regs                      
1     00005240  _ECap2Regs                      
1     00005280  _ECap3Regs                      
1     000052c0  _ECap4Regs                      
1     00005300  _ECap5Regs                      
1     00005340  _ECap6Regs                      
1     00005380  _ECap7Regs                      
0     0008249c  _EMPTY_ISR                      
0     00082028  _EMU_ISR                        
0     00082154  _EPWM1_ISR                      
0     00082104  _EPWM1_TZ_ISR                   
0     0008215e  _EPWM2_ISR                      
0     0008210e  _EPWM2_TZ_ISR                   
0     00082168  _EPWM3_ISR                      
0     00082118  _EPWM3_TZ_ISR                   
0     00082172  _EPWM4_ISR                      
0     00082122  _EPWM4_TZ_ISR                   
0     0008217c  _EPWM5_ISR                      
0     0008212c  _EPWM5_TZ_ISR                   
0     00082186  _EPWM6_ISR                      
0     00082136  _EPWM6_TZ_ISR                   
0     00082190  _EPWM7_ISR                      
0     00082140  _EPWM7_TZ_ISR                   
0     0008219a  _EPWM8_ISR                      
0     0008214a  _EPWM8_TZ_ISR                   
1     00004000  _EPwm1Regs                      
1     00004100  _EPwm2Regs                      
1     00004200  _EPwm3Regs                      
1     00004300  _EPwm4Regs                      
1     00004400  _EPwm5Regs                      
1     00004500  _EPwm6Regs                      
1     00004600  _EPwm7Regs                      
1     00004700  _EPwm8Regs                      
1     00007a00  _EPwmXbarRegs                   
0     000821fe  _EQEP1_ISR                      
0     00082208  _EQEP2_ISR                      
1     00005100  _EQep1Regs                      
1     00005140  _EQep2Regs                      
0     00082e5c  _EnableInterrupts               
1     0005e980  _EradCounter1Regs               
1     0005e990  _EradCounter2Regs               
1     0005e9a0  _EradCounter3Regs               
1     0005e9b0  _EradCounter4Regs               
1     0005e800  _EradGlobalRegs                 
1     0005e900  _EradHWBP1Regs                  
1     0005e908  _EradHWBP2Regs                  
1     0005e910  _EradHWBP3Regs                  
1     0005e918  _EradHWBP4Regs                  
1     0005e920  _EradHWBP5Regs                  
1     0005e928  _EradHWBP6Regs                  
1     0005e930  _EradHWBP7Regs                  
1     0005e938  _EradHWBP8Regs                  
0     00008048  _F28x_usDelay                   
0     00082460  _FLASH_CORRECTABLE_ERROR_ISR    
0     00082398  _FPU_OVERFLOW_ISR               
0     000823a2  _FPU_UNDERFLOW_ISR              
0     000823f2  _FSIRXA1_ISR                    
0     000823fc  _FSIRXA2_ISR                    
0     000823de  _FSITXA1_ISR                    
0     000823e8  _FSITXA2_ISR                    
1     0005f800  _Flash0CtrlRegs                 
1     0005fb00  _Flash0EccRegs                  
0     0000803c  _FlashOff                       
1     00006680  _FsiRxaRegs                     
1     00006600  _FsiTxaRegs                     
0     00082ba4  _GPIO_ReadPin                   
0     00082b49  _GPIO_SetupLock                 
0     00082a29  _GPIO_SetupPinMux               
0     00082ab5  _GPIO_SetupPinOptions           
0     00082b72  _GPIO_SetupXINT1Gpio            
0     00082b7c  _GPIO_SetupXINT2Gpio            
0     00082b86  _GPIO_SetupXINT3Gpio            
0     00082b90  _GPIO_SetupXINT4Gpio            
0     00082b9a  _GPIO_SetupXINT5Gpio            
0     00082bbb  _GPIO_WritePin                  
1     00007c00  _GpioCtrlRegs                   
1     00007f00  _GpioDataRegs                   
0     000826e4  _HALT                           
0     00082280  _I2CA_FIFO_ISR                  
0     00082276  _I2CA_ISR                       
1     00007300  _I2caRegs                       
0     000826db  _IDLE                           
0     0008203c  _ILLEGAL_ISR                    
0     00008000  _InitFlash                      
0     000829eb  _InitGpio                       
0     000824ca  _InitPeripheralClocks           
0     00082e3d  _InitPieCtrl                    
0     00082e65  _InitPieVectTable               
0     000824b3  _InitSysCtrl                    
0     00082578  _InitSysPll                     
1     00007900  _InputXbarRegs                  
0     000826f5  _IsPLLValid                     
0     00082410  _LINA_0_ISR                     
0     0008241a  _LINA_1_ISR                     
1     00006a00  _LinaRegs                       
1     00006b00  _LinbRegs                       
1     0000a930  _MEP_SF                         
1     0000a99b  _MEP_ScaleFactor                
1     0005f400  _MemCfgRegs                     
1     0005f500  _MemoryErrorRegs                
0     00082032  _NMI_ISR                        
0     000824a9  _NOTUSED_ISR                    
1     00007060  _NmiIntruptRegs                 
1     00007a80  _OutputXbarRegs                 
0     00082492  _PIE_RESERVED_ISR               
0     00082424  _PMBUSA_ISR                     
1     0000a999  _PeriodFine                     
1     00005b00  _Pga1Regs                       
1     00005b10  _Pga2Regs                       
1     00005b20  _Pga3Regs                       
1     00005b30  _Pga4Regs                       
1     00005b40  _Pga5Regs                       
1     00005b50  _Pga6Regs                       
1     00005b60  _Pga7Regs                       
1     00000ce0  _PieCtrlRegs                    
1     00000d00  _PieVectTable                   
0     00084000  _PieVectTableInit               
1     00006400  _PmbusaRegs                     
0     0008246a  _RAM_ACCESS_VIOLATION_ISR       
0     00082456  _RAM_CORRECTABLE_ERROR_ISR      
0     0008201e  _RTOS_ISR                       
0     000810f8  _RamfuncsLoadEnd                
abs   0000004c  _RamfuncsLoadSize               
0     000810ac  _RamfuncsLoadStart              
0     0000804c  _RamfuncsRunEnd                 
abs   0000004c  _RamfuncsRunSize                
0     00008000  _RamfuncsRunStart               
0     0008228a  _SCIA_RX_ISR                    
0     00082294  _SCIA_TX_ISR                    
0     0008229e  _SCIB_RX_ISR                    
0     000822a8  _SCIB_TX_ISR                    
0     000823b6  _SD1DR1_ISR                     
0     000823c0  _SD1DR2_ISR                     
0     000823ca  _SD1DR3_ISR                     
0     000823d4  _SD1DR4_ISR                     
0     000823ac  _SD1_ISR                        
0     00082bd9  _SFO                            
1     0000a939  _SFO_CAL                        
0     00082212  _SPIA_RX_ISR                    
0     0008221c  _SPIA_TX_ISR                    
0     00082226  _SPIB_RX_ISR                    
0     00082230  _SPIB_TX_ISR                    
0     00082474  _SYS_PLL_SLIP_ISR               
1     00007200  _SciaRegs                       
1     00007210  _ScibRegs                       
1     00005e00  _Sdfm1Regs                      
0     0008255c  _ServiceDog                     
1     00006100  _SpiaRegs                       
1     00006110  _SpibRegs                       
1     00007940  _SyncSocRegs                    
0     0008266a  _SysIntOsc1Sel                  
0     00082676  _SysIntOsc2Sel                  
1     0005d500  _SysPeriphAcRegs                
0     000826c5  _SysXtalOscSESel                
0     000826a2  _SysXtalOscSel                  
0     000820f0  _TIMER0_ISR                     
0     00082000  _TIMER1_ISR                     
0     0008200a  _TIMER2_ISR                     
0     000820a0  _USER10_ISR                     
0     000820aa  _USER11_ISR                     
0     000820b4  _USER12_ISR                     
0     00082046  _USER1_ISR                      
0     00082050  _USER2_ISR                      
0     0008205a  _USER3_ISR                      
0     00082064  _USER4_ISR                      
0     0008206e  _USER5_ISR                      
0     00082078  _USER6_ISR                      
0     00082082  _USER7_ISR                      
0     0008208c  _USER8_ISR                      
0     00082096  _USER9_ISR                      
1     0000a998  _UpdateFine                     
0     000820fa  _WAKE_ISR                       
1     00007000  _WdRegs                         
0     000820dc  _XINT1_ISR                      
0     000820e6  _XINT2_ISR                      
0     0008237a  _XINT3_ISR                      
0     00082384  _XINT4_ISR                      
0     0008238e  _XINT5_ISR                      
1     00007920  _XbarRegs                       
1     00007070  _XintRegs                       
1     00000500  __STACK_END                     
abs   00000100  __STACK_SIZE                    
1     0000a978  ___TI_cleanup_ptr               
1     0000a97a  ___TI_dtors_ptr                 
1     0000a976  ___TI_enable_exit_profile_output
abs   ffffffff  ___TI_pprof_out_hndl            
abs   ffffffff  ___TI_prof_data_size            
abs   ffffffff  ___TI_prof_data_start           
abs   ffffffff  ___binit__                      
abs   ffffffff  ___c_args__                     
0     00081000  ___cinit__                      
abs   ffffffff  ___etext__                      
abs   ffffffff  ___pinit__                      
abs   ffffffff  ___text__                       
0     00082ecc  __args_main                     
1     0000a9ac  __lock                          
0     00082ee6  __nop                           
0     00082ee2  __register_lock                 
0     00082ede  __register_unlock               
1     00000400  __stack                         
0     00082ee9  __system_post_cinit             
0     00082ee7  __system_pre_init               
1     0000a9ae  __unlock                        
0     00082e14  _abort                          
0     00082ddf  _adcA1ISR                       
1     0000a800  _adcAResults                    
1     0000a971  _bufferFull                     
0     00082d89  _c_int00                        
0     00082815  _configHRPWM                    
0     00082e8b  _copy_in                        
1     0000a97c  _ePWM                           
0     000829e8  _error                          
0     00082e16  _exit                           
1     0000a970  _index                          
0     000829d6  _initHRPWM1GPIO                 
0     00082790  _main                           
0     00082eaf  _memcpy                         
1     0000a99a  _status                         
abs   ffffffff  binit                           
0     00081000  cinit                           
0     00080000  code_start                      
abs   ffffffff  etext                           
abs   ffffffff  pinit                           


GLOBAL SYMBOLS: SORTED BY Symbol Address 

page  address   name                            
----  -------   ----                            
0     00000ce0  _Cla1SoftIntRegs                
0     00008000  _InitFlash                      
0     00008000  _RamfuncsRunStart               
0     0000803c  _FlashOff                       
0     00008048  _F28x_usDelay                   
0     0000804c  _RamfuncsRunEnd                 
0     00080000  code_start                      
0     00081000  ___cinit__                      
0     00081000  cinit                           
0     000810ac  _RamfuncsLoadStart              
0     000810f8  _RamfuncsLoadEnd                
0     00082000  _TIMER1_ISR                     
0     0008200a  _TIMER2_ISR                     
0     00082014  _DATALOG_ISR                    
0     0008201e  _RTOS_ISR                       
0     00082028  _EMU_ISR                        
0     00082032  _NMI_ISR                        
0     0008203c  _ILLEGAL_ISR                    
0     00082046  _USER1_ISR                      
0     00082050  _USER2_ISR                      
0     0008205a  _USER3_ISR                      
0     00082064  _USER4_ISR                      
0     0008206e  _USER5_ISR                      
0     00082078  _USER6_ISR                      
0     00082082  _USER7_ISR                      
0     0008208c  _USER8_ISR                      
0     00082096  _USER9_ISR                      
0     000820a0  _USER10_ISR                     
0     000820aa  _USER11_ISR                     
0     000820b4  _USER12_ISR                     
0     000820be  _ADCA1_ISR                      
0     000820c8  _ADCB1_ISR                      
0     000820d2  _ADCC1_ISR                      
0     000820dc  _XINT1_ISR                      
0     000820e6  _XINT2_ISR                      
0     000820f0  _TIMER0_ISR                     
0     000820fa  _WAKE_ISR                       
0     00082104  _EPWM1_TZ_ISR                   
0     0008210e  _EPWM2_TZ_ISR                   
0     00082118  _EPWM3_TZ_ISR                   
0     00082122  _EPWM4_TZ_ISR                   
0     0008212c  _EPWM5_TZ_ISR                   
0     00082136  _EPWM6_TZ_ISR                   
0     00082140  _EPWM7_TZ_ISR                   
0     0008214a  _EPWM8_TZ_ISR                   
0     00082154  _EPWM1_ISR                      
0     0008215e  _EPWM2_ISR                      
0     00082168  _EPWM3_ISR                      
0     00082172  _EPWM4_ISR                      
0     0008217c  _EPWM5_ISR                      
0     00082186  _EPWM6_ISR                      
0     00082190  _EPWM7_ISR                      
0     0008219a  _EPWM8_ISR                      
0     000821a4  _ECAP1_ISR                      
0     000821ae  _ECAP2_ISR                      
0     000821b8  _ECAP3_ISR                      
0     000821c2  _ECAP4_ISR                      
0     000821cc  _ECAP5_ISR                      
0     000821d6  _ECAP6_ISR                      
0     000821e0  _ECAP7_ISR                      
0     000821ea  _ECAP6_2_ISR                    
0     000821f4  _ECAP7_2_ISR                    
0     000821fe  _EQEP1_ISR                      
0     00082208  _EQEP2_ISR                      
0     00082212  _SPIA_RX_ISR                    
0     0008221c  _SPIA_TX_ISR                    
0     00082226  _SPIB_RX_ISR                    
0     00082230  _SPIB_TX_ISR                    
0     0008223a  _DMA_CH1_ISR                    
0     00082244  _DMA_CH2_ISR                    
0     0008224e  _DMA_CH3_ISR                    
0     00082258  _DMA_CH4_ISR                    
0     00082262  _DMA_CH5_ISR                    
0     0008226c  _DMA_CH6_ISR                    
0     00082276  _I2CA_ISR                       
0     00082280  _I2CA_FIFO_ISR                  
0     0008228a  _SCIA_RX_ISR                    
0     00082294  _SCIA_TX_ISR                    
0     0008229e  _SCIB_RX_ISR                    
0     000822a8  _SCIB_TX_ISR                    
0     000822b2  _CANA0_ISR                      
0     000822bc  _CANA1_ISR                      
0     000822c6  _CANB0_ISR                      
0     000822d0  _CANB1_ISR                      
0     000822da  _ADCA_EVT_ISR                   
0     000822e4  _ADCA2_ISR                      
0     000822ee  _ADCA3_ISR                      
0     000822f8  _ADCA4_ISR                      
0     00082302  _ADCB_EVT_ISR                   
0     0008230c  _ADCB2_ISR                      
0     00082316  _ADCB3_ISR                      
0     00082320  _ADCB4_ISR                      
0     0008232a  _CLA1_1_ISR                     
0     00082334  _CLA1_2_ISR                     
0     0008233e  _CLA1_3_ISR                     
0     00082348  _CLA1_4_ISR                     
0     00082352  _CLA1_5_ISR                     
0     0008235c  _CLA1_6_ISR                     
0     00082366  _CLA1_7_ISR                     
0     00082370  _CLA1_8_ISR                     
0     0008237a  _XINT3_ISR                      
0     00082384  _XINT4_ISR                      
0     0008238e  _XINT5_ISR                      
0     00082398  _FPU_OVERFLOW_ISR               
0     000823a2  _FPU_UNDERFLOW_ISR              
0     000823ac  _SD1_ISR                        
0     000823b6  _SD1DR1_ISR                     
0     000823c0  _SD1DR2_ISR                     
0     000823ca  _SD1DR3_ISR                     
0     000823d4  _SD1DR4_ISR                     
0     000823de  _FSITXA1_ISR                    
0     000823e8  _FSITXA2_ISR                    
0     000823f2  _FSIRXA1_ISR                    
0     000823fc  _FSIRXA2_ISR                    
0     00082406  _CLA1PROMCRC_ISR                
0     00082410  _LINA_0_ISR                     
0     0008241a  _LINA_1_ISR                     
0     00082424  _PMBUSA_ISR                     
0     0008242e  _ADCC_EVT_ISR                   
0     00082438  _ADCC2_ISR                      
0     00082442  _ADCC3_ISR                      
0     0008244c  _ADCC4_ISR                      
0     00082456  _RAM_CORRECTABLE_ERROR_ISR      
0     00082460  _FLASH_CORRECTABLE_ERROR_ISR    
0     0008246a  _RAM_ACCESS_VIOLATION_ISR       
0     00082474  _SYS_PLL_SLIP_ISR               
0     0008247e  _CLA_OVERFLOW_ISR               
0     00082488  _CLA_UNDERFLOW_ISR              
0     00082492  _PIE_RESERVED_ISR               
0     0008249c  _EMPTY_ISR                      
0     000824a9  _NOTUSED_ISR                    
0     000824b3  _InitSysCtrl                    
0     000824ca  _InitPeripheralClocks           
0     00082542  _DisablePeripheralClocks        
0     0008255c  _ServiceDog                     
0     0008256a  _DisableDog                     
0     00082578  _InitSysPll                     
0     00082649  _CsmUnlock                      
0     0008266a  _SysIntOsc1Sel                  
0     00082676  _SysIntOsc2Sel                  
0     000826a2  _SysXtalOscSel                  
0     000826c5  _SysXtalOscSESel                
0     000826db  _IDLE                           
0     000826e4  _HALT                           
0     000826f5  _IsPLLValid                     
0     00082790  _main                           
0     00082815  _configHRPWM                    
0     000829d6  _initHRPWM1GPIO                 
0     000829e8  _error                          
0     000829eb  _InitGpio                       
0     00082a29  _GPIO_SetupPinMux               
0     00082ab5  _GPIO_SetupPinOptions           
0     00082b49  _GPIO_SetupLock                 
0     00082b72  _GPIO_SetupXINT1Gpio            
0     00082b7c  _GPIO_SetupXINT2Gpio            
0     00082b86  _GPIO_SetupXINT3Gpio            
0     00082b90  _GPIO_SetupXINT4Gpio            
0     00082b9a  _GPIO_SetupXINT5Gpio            
0     00082ba4  _GPIO_ReadPin                   
0     00082bbb  _GPIO_WritePin                  
0     00082bd9  _SFO                            
0     00082d89  _c_int00                        
0     00082ddf  _adcA1ISR                       
0     00082e14  C$$EXIT                         
0     00082e14  _abort                          
0     00082e16  _exit                           
0     00082e3d  _InitPieCtrl                    
0     00082e5c  _EnableInterrupts               
0     00082e65  _InitPieVectTable               
0     00082e8b  _copy_in                        
0     00082eaf  _memcpy                         
0     00082ecc  __args_main                     
0     00082ede  __register_unlock               
0     00082ee2  __register_lock                 
0     00082ee6  __nop                           
0     00082ee7  __system_pre_init               
0     00082ee9  __system_post_cinit             
0     00084000  _PieVectTableInit               
1     00000400  __stack                         
1     00000500  __STACK_END                     
1     00000b00  _AdcaResultRegs                 
1     00000b20  _AdcbResultRegs                 
1     00000b40  _AdccResultRegs                 
1     00000c00  _CpuTimer0Regs                  
1     00000c08  _CpuTimer1Regs                  
1     00000c10  _CpuTimer2Regs                  
1     00000ce0  _PieCtrlRegs                    
1     00000d00  _PieVectTable                   
1     00001000  _DmaRegs                        
1     00001400  _Cla1Regs                       
1     00004000  _EPwm1Regs                      
1     00004100  _EPwm2Regs                      
1     00004200  _EPwm3Regs                      
1     00004300  _EPwm4Regs                      
1     00004400  _EPwm5Regs                      
1     00004500  _EPwm6Regs                      
1     00004600  _EPwm7Regs                      
1     00004700  _EPwm8Regs                      
1     00005100  _EQep1Regs                      
1     00005140  _EQep2Regs                      
1     00005200  _ECap1Regs                      
1     00005240  _ECap2Regs                      
1     00005280  _ECap3Regs                      
1     000052c0  _ECap4Regs                      
1     00005300  _ECap5Regs                      
1     00005340  _ECap6Regs                      
1     00005380  _ECap7Regs                      
1     00005b00  _Pga1Regs                       
1     00005b10  _Pga2Regs                       
1     00005b20  _Pga3Regs                       
1     00005b30  _Pga4Regs                       
1     00005b40  _Pga5Regs                       
1     00005b50  _Pga6Regs                       
1     00005b60  _Pga7Regs                       
1     00005c00  _DacaRegs                       
1     00005c10  _DacbRegs                       
1     00005c80  _Cmpss1Regs                     
1     00005ca0  _Cmpss2Regs                     
1     00005cc0  _Cmpss3Regs                     
1     00005ce0  _Cmpss4Regs                     
1     00005d00  _Cmpss5Regs                     
1     00005d20  _Cmpss6Regs                     
1     00005d40  _Cmpss7Regs                     
1     00005e00  _Sdfm1Regs                      
1     00006100  _SpiaRegs                       
1     00006110  _SpibRegs                       
1     000061c0  _ClaPromCrc0Regs                
1     00006400  _PmbusaRegs                     
1     00006600  _FsiTxaRegs                     
1     00006680  _FsiRxaRegs                     
1     00006a00  _LinaRegs                       
1     00006b00  _LinbRegs                       
1     00007000  _WdRegs                         
1     00007060  _NmiIntruptRegs                 
1     00007070  _XintRegs                       
1     00007200  _SciaRegs                       
1     00007210  _ScibRegs                       
1     00007300  _I2caRegs                       
1     00007400  _AdcaRegs                       
1     00007480  _AdcbRegs                       
1     00007500  _AdccRegs                       
1     00007900  _InputXbarRegs                  
1     00007920  _XbarRegs                       
1     00007940  _SyncSocRegs                    
1     00007980  _DmaClaSrcSelRegs               
1     00007a00  _EPwmXbarRegs                   
1     00007a80  _OutputXbarRegs                 
1     00007c00  _GpioCtrlRegs                   
1     00007f00  _GpioDataRegs                   
1     0000a800  _adcAResults                    
1     0000a930  _MEP_SF                         
1     0000a939  _SFO_CAL                        
1     0000a970  _index                          
1     0000a971  _bufferFull                     
1     0000a976  ___TI_enable_exit_profile_output
1     0000a978  ___TI_cleanup_ptr               
1     0000a97a  ___TI_dtors_ptr                 
1     0000a97c  _ePWM                           
1     0000a998  _UpdateFine                     
1     0000a999  _PeriodFine                     
1     0000a99a  _status                         
1     0000a99b  _MEP_ScaleFactor                
1     0000a9ac  __lock                          
1     0000a9ae  __unlock                        
1     00048000  _CanaRegs                       
1     0004a000  _CanbRegs                       
1     0005d000  _DevCfgRegs                     
1     0005d200  _ClkCfgRegs                     
1     0005d300  _CpuSysRegs                     
1     0005d500  _SysPeriphAcRegs                
1     0005d700  _AnalogSubsysRegs               
1     0005e700  _Dcc0Regs                       
1     0005e800  _EradGlobalRegs                 
1     0005e900  _EradHWBP1Regs                  
1     0005e908  _EradHWBP2Regs                  
1     0005e910  _EradHWBP3Regs                  
1     0005e918  _EradHWBP4Regs                  
1     0005e920  _EradHWBP5Regs                  
1     0005e928  _EradHWBP6Regs                  
1     0005e930  _EradHWBP7Regs                  
1     0005e938  _EradHWBP8Regs                  
1     0005e980  _EradCounter1Regs               
1     0005e990  _EradCounter2Regs               
1     0005e9a0  _EradCounter3Regs               
1     0005e9b0  _EradCounter4Regs               
1     0005f000  _DcsmBank0Z1Regs                
1     0005f040  _DcsmBank0Z2Regs                
1     0005f070  _DcsmCommonRegs                 
1     0005f100  _DcsmBank1Z1Regs                
1     0005f140  _DcsmBank1Z2Regs                
1     0005f400  _MemCfgRegs                     
1     0005f4c0  _AccessProtectionRegs           
1     0005f500  _MemoryErrorRegs                
1     0005f800  _Flash0CtrlRegs                 
1     0005fb00  _Flash0EccRegs                  
abs   0000004c  _RamfuncsLoadSize               
abs   0000004c  _RamfuncsRunSize                
abs   00000100  __STACK_SIZE                    
abs   ffffffff  .text                           
abs   ffffffff  ___TI_pprof_out_hndl            
abs   ffffffff  ___TI_prof_data_size            
abs   ffffffff  ___TI_prof_data_start           
abs   ffffffff  ___binit__                      
abs   ffffffff  ___c_args__                     
abs   ffffffff  ___etext__                      
abs   ffffffff  ___pinit__                      
abs   ffffffff  ___text__                       
abs   ffffffff  binit                           
abs   ffffffff  etext                           
abs   ffffffff  pinit                           

[310 symbols]
